jamie@canonical.com
intrigeri@boum.org
christian@iwakd.de
steve.beattie@canonical.com
kees@ubuntu.com
rmurray@debian.org
walters@debian.org
sjoerd@debian.org
biebl@debian.org
tytso@mit.edu
rmurray@debian.org
walters@debian.org
sjoerd@debian.org
biebl@debian.org
tytso@mit.edu
christian@iwakd.de
biebl@debian.org
rmurray@debian.org
tytso@mit.edu
username@site.domain
christian@iwakd.de
biebl@debian.org
rmurray@debian.org
tytso@mit.edu
Binary
user@example.com
Binary
Binary
Binary
x@lists.debian
rmurray@debian.org
miquels@cistron.nl
hmh@rcm.org
rleigh@debian.org
steve.beattie@canonical.com
kees@ubuntu.com
christian@iwakd.de
tytso@mit.edu
walters@debian.org
sjoerd@debian.org
biebl@debian.org
e2scrub@host.domain
jtang@tresys.com
license@farsiweb.info
license@farsiweb.info
Binary
rmurray@debian.org
walters@debian.org
sjoerd@debian.org
biebl@debian.org
tytso@mit.edu
christian@iwakd.de
biebl@debian.org
rmurray@debian.org
tytso@mit.edu
kirkland@canonical.com
brian@canonical.com
kirkland@canonical.com
kirkland@canonical.com
steve.langasek@canonical.com
rmurray@debian.org
walters@debian.org
sjoerd@debian.org
biebl@debian.org
tytso@mit.edu
kirkland@byobu.org
ben.howard@canonical.com
scott.moser@ubuntu.com
gunnarhj@ubuntu.com
lasse.collin@tukaani.org
Binary
charles@comm.polymtl
lasse.collin@tukaani.org
Binary
Binary
Binary
charles@comm.polymtl
lasse.collin@tukaani.org
charles@comm.polymtl
lasse.collin@tukaani.org
Binary
Binary
Binary
Binary
Binary
Binary
Binary
Binary
Binary
Binary
Binary
lasse.collin@tukaani.org
Binary
Binary
Binary
lasse.collin@tukaani.org
lasse.collin@tukaani.org
Binary
Binary
Binary
Binary
Binary
and1000@debian.org
64@openssh.com
